// Jest Snapshot v1, https://goo.gl/fbAQLP

exports[`EnvUtils getVeriffBaseUrl should throw 1`] = `"\\"VERIFF_API_BASE_URL\\" is missing"`;

exports[`EnvUtils getVeriffSessionUUID should throw 1`] = `"\\"VERIFF_SESSION_UUID\\" is missing"`;
